com.rickihastings.cleanarchitecture.application.projects.commands.deleteproject.DeleteProjectCommandHandlerTest.shouldDeleteProjectWhenValid=[
  { }
]