com.rickihastings.cleanarchitecture.application.projects.commands.updateproject.UpdateProjectCommandHandlerTest.shouldUpdateProjectWhenValid=[
  {
    "createdBy": "Joe Bloggs",
    "id": 1,
    "title": "Updated Title"
  }
]