com.rickihastings.cleanarchitecture.application.projects.commands.createproject.CreateProjectCommandHandlerTest.shouldCreateProjectWhenValid=[
  {
    "title": "Test Project"
  }
]